// Jest Snapshot v1, https://goo.gl/fbAQLP

exports[`laliga standings 1`] = `
[
  {
    "gamesDrawn": 1,
    "gamesLost": 1,
    "gamesPlayed": 13,
    "gamesWon": 11,
    "goalDifference": 27,
    "points": 34,
    "position": 1,
    "team": "Barcelona",
  },
  {
    "gamesDrawn": 2,
    "gamesLost": 1,
    "gamesPlayed": 13,
    "gamesWon": 10,
    "goalDifference": 18,
    "points": 32,
    "position": 2,
    "team": "Real Madrid",
  },
  {
    "gamesDrawn": 3,
    "gamesLost": 3,
    "gamesPlayed": 13,
    "gamesWon": 7,
    "goalDifference": 8,
    "points": 24,
    "position": 3,
    "team": "Atlético Madrid",
  },
  {
    "gamesDrawn": 3,
    "gamesLost": 3,
    "gamesPlayed": 13,
    "gamesWon": 7,
    "goalDifference": 8,
    "points": 24,
    "position": 4,
    "team": "Real Betis",
  },
  {
    "gamesDrawn": 2,
    "gamesLost": 4,
    "gamesPlayed": 13,
    "gamesWon": 7,
    "goalDifference": 3,
    "points": 23,
    "position": 5,
    "team": "Osasuna",
  },
  {
    "gamesDrawn": 2,
    "gamesLost": 4,
    "gamesPlayed": 13,
    "gamesWon": 7,
    "goalDifference": 1,
    "points": 23,
    "position": 6,
    "team": "Real Sociedad",
  },
  {
    "gamesDrawn": 3,
    "gamesLost": 4,
    "gamesPlayed": 13,
    "gamesWon": 6,
    "goalDifference": 7,
    "points": 21,
    "position": 7,
    "team": "Athletic Club",
  },
  {
    "gamesDrawn": 3,
    "gamesLost": 4,
    "gamesPlayed": 13,
    "gamesWon": 6,
    "goalDifference": 4,
    "points": 21,
    "position": 8,
    "team": "Rayo Vallecano",
  },
  {
    "gamesDrawn": 3,
    "gamesLost": 5,
    "gamesPlayed": 13,
    "gamesWon": 5,
    "goalDifference": 4,
    "points": 18,
    "position": 9,
    "team": "Villarreal",
  },
  {
    "gamesDrawn": 2,
    "gamesLost": 6,
    "gamesPlayed": 13,
    "gamesWon": 5,
    "goalDifference": -5,
    "points": 17,
    "position": 10,
    "team": "Real Valladolid",
  },
  {
    "gamesDrawn": 4,
    "gamesLost": 5,
    "gamesPlayed": 13,
    "gamesWon": 4,
    "goalDifference": 4,
    "points": 16,
    "position": 11,
    "team": "Valencia",
  },
  {
    "gamesDrawn": 4,
    "gamesLost": 5,
    "gamesPlayed": 13,
    "gamesWon": 4,
    "goalDifference": -1,
    "points": 16,
    "position": 12,
    "team": "Mallorca",
  },
  {
    "gamesDrawn": 5,
    "gamesLost": 5,
    "gamesPlayed": 13,
    "gamesWon": 3,
    "goalDifference": -7,
    "points": 14,
    "position": 13,
    "team": "Getafe",
  },
  {
    "gamesDrawn": 4,
    "gamesLost": 6,
    "gamesPlayed": 13,
    "gamesWon": 3,
    "goalDifference": -3,
    "points": 13,
    "position": 14,
    "team": "Girona",
  },
  {
    "gamesDrawn": 1,
    "gamesLost": 8,
    "gamesPlayed": 13,
    "gamesWon": 4,
    "goalDifference": -7,
    "points": 13,
    "position": 15,
    "team": "Almería",
  },
  {
    "gamesDrawn": 6,
    "gamesLost": 5,
    "gamesPlayed": 13,
    "gamesWon": 2,
    "goalDifference": -5,
    "points": 12,
    "position": 16,
    "team": "Espanyol",
  },
  {
    "gamesDrawn": 5,
    "gamesLost": 6,
    "gamesPlayed": 13,
    "gamesWon": 2,
    "goalDifference": -8,
    "points": 11,
    "position": 17,
    "team": "Sevilla",
  },
  {
    "gamesDrawn": 2,
    "gamesLost": 8,
    "gamesPlayed": 13,
    "gamesWon": 3,
    "goalDifference": -12,
    "points": 11,
    "position": 18,
    "team": "Celta Vigo",
  },
  {
    "gamesDrawn": 5,
    "gamesLost": 6,
    "gamesPlayed": 13,
    "gamesWon": 2,
    "goalDifference": -16,
    "points": 11,
    "position": 19,
    "team": "Cádiz",
  },
  {
    "gamesDrawn": 4,
    "gamesLost": 9,
    "gamesPlayed": 13,
    "gamesWon": 0,
    "goalDifference": -20,
    "points": 4,
    "position": 20,
    "team": "Elche",
  },
]
`;
