// Jest Snapshot v1, https://goo.gl/fbAQLP

exports[`Premier League standings 1`] = `
[
  {
    "gamesDrawn": 1,
    "gamesLost": 1,
    "gamesPlayed": 13,
    "gamesWon": 11,
    "goalDifference": 20,
    "points": 34,
    "position": 1,
    "team": "Arsenal",
  },
  {
    "gamesDrawn": 2,
    "gamesLost": 1,
    "gamesPlayed": 13,
    "gamesWon": 10,
    "goalDifference": 27,
    "points": 32,
    "position": 2,
    "team": "Manchester City",
  },
  {
    "gamesDrawn": 6,
    "gamesLost": 1,
    "gamesPlayed": 14,
    "gamesWon": 7,
    "goalDifference": 17,
    "points": 27,
    "position": 3,
    "team": "Newcastle United",
  },
  {
    "gamesDrawn": 2,
    "gamesLost": 4,
    "gamesPlayed": 14,
    "gamesWon": 8,
    "goalDifference": 9,
    "points": 26,
    "position": 4,
    "team": "Tottenham",
  },
  {
    "gamesDrawn": 2,
    "gamesLost": 4,
    "gamesPlayed": 13,
    "gamesWon": 7,
    "goalDifference": -1,
    "points": 23,
    "position": 5,
    "team": "Manchester United",
  },
  {
    "gamesDrawn": 3,
    "gamesLost": 4,
    "gamesPlayed": 13,
    "gamesWon": 6,
    "goalDifference": 5,
    "points": 21,
    "position": 6,
    "team": "Brighton",
  },
  {
    "gamesDrawn": 3,
    "gamesLost": 4,
    "gamesPlayed": 13,
    "gamesWon": 6,
    "goalDifference": 1,
    "points": 21,
    "position": 7,
    "team": "Chelsea",
  },
  {
    "gamesDrawn": 4,
    "gamesLost": 4,
    "gamesPlayed": 13,
    "gamesWon": 5,
    "goalDifference": 9,
    "points": 19,
    "position": 8,
    "team": "Liverpool",
  },
  {
    "gamesDrawn": 4,
    "gamesLost": 5,
    "gamesPlayed": 14,
    "gamesWon": 5,
    "goalDifference": -1,
    "points": 19,
    "position": 9,
    "team": "Fulham",
  },
  {
    "gamesDrawn": 4,
    "gamesLost": 4,
    "gamesPlayed": 13,
    "gamesWon": 5,
    "goalDifference": -2,
    "points": 19,
    "position": 10,
    "team": "Crystal Palace",
  },
  {
    "gamesDrawn": 7,
    "gamesLost": 4,
    "gamesPlayed": 14,
    "gamesWon": 3,
    "goalDifference": -3,
    "points": 16,
    "position": 11,
    "team": "Brentford",
  },
  {
    "gamesDrawn": 3,
    "gamesLost": 6,
    "gamesPlayed": 13,
    "gamesWon": 4,
    "goalDifference": -3,
    "points": 15,
    "position": 12,
    "team": "Leeds",
  },
  {
    "gamesDrawn": 3,
    "gamesLost": 7,
    "gamesPlayed": 14,
    "gamesWon": 4,
    "goalDifference": -7,
    "points": 15,
    "position": 13,
    "team": "Aston Villa",
  },
  {
    "gamesDrawn": 2,
    "gamesLost": 8,
    "gamesPlayed": 14,
    "gamesWon": 4,
    "goalDifference": -2,
    "points": 14,
    "position": 14,
    "team": "Leicester",
  },
  {
    "gamesDrawn": 2,
    "gamesLost": 8,
    "gamesPlayed": 14,
    "gamesWon": 4,
    "goalDifference": -3,
    "points": 14,
    "position": 15,
    "team": "West Ham",
  },
  {
    "gamesDrawn": 5,
    "gamesLost": 6,
    "gamesPlayed": 14,
    "gamesWon": 3,
    "goalDifference": -3,
    "points": 14,
    "position": 16,
    "team": "Everton",
  },
  {
    "gamesDrawn": 4,
    "gamesLost": 7,
    "gamesPlayed": 14,
    "gamesWon": 3,
    "goalDifference": -17,
    "points": 13,
    "position": 17,
    "team": "Bournemouth",
  },
  {
    "gamesDrawn": 3,
    "gamesLost": 8,
    "gamesPlayed": 14,
    "gamesWon": 3,
    "goalDifference": -12,
    "points": 12,
    "position": 18,
    "team": "Southampton",
  },
  {
    "gamesDrawn": 4,
    "gamesLost": 8,
    "gamesPlayed": 14,
    "gamesWon": 2,
    "goalDifference": -14,
    "points": 10,
    "position": 19,
    "team": "Wolves",
  },
  {
    "gamesDrawn": 4,
    "gamesLost": 8,
    "gamesPlayed": 14,
    "gamesWon": 2,
    "goalDifference": -20,
    "points": 10,
    "position": 20,
    "team": "Nottingham Forest",
  },
]
`;
